// Jest Snapshot v1, https://goo.gl/fbAQLP

exports[`should render App component correctly 1`] = `
<div
  className="top-middle-shape-container"
>
  <DiamondAngleLeft
    styleImage="diamond-angle-left__man-with-beard"
  />
  <DiamondAngleRight
    styleImage="diamond-angle-right__girl-with-darkhair"
  />
</div>
`;
